// Jest Snapshot v1, https://goo.gl/fbAQLP

exports[`HomePage component should renders 1`] = `
<div
  className="sc-gswNZR kDQAfP"
>
  <div
    className="sc-bBABsx kEvVia"
  >
    <div
      className="sc-cwSeag hGIzYU"
    >
      <img
        alt=""
        src="/generic-user.png"
      />
    </div>
    <input
      className="sc-iveFHk kwvCaR"
      onChange={[Function]}
      placeholder="What's in your Mind, John?"
      type="text"
      value=""
    />
    <button
      className="sc-lllmON iuLelm"
      onClick={[Function]}
    >
      <svg
        fill="currentColor"
        height="1em"
        stroke="currentColor"
        strokeWidth="0"
        style={
          Object {
            "color": undefined,
          }
        }
        viewBox="0 0 1024 1024"
        width="1em"
        xmlns="http://www.w3.org/2000/svg"
      >
        <path
          d="M765.7 486.8L314.9 134.7A7.97 7.97 0 0 0 302 141v77.3c0 4.9 2.3 9.6 6.1 12.6l360 281.1-360 281.1c-3.9 3-6.1 7.7-6.1 12.6V883c0 6.7 7.7 10.4 12.9 6.3l450.8-352.1a31.96 31.96 0 0 0 0-50.4z"
        />
      </svg>
    </button>
  </div>
  <div
    className="sc-dkrFOg lkTwKs"
  >
    <div
      className="sc-kDvujY fwoiUJ"
    >
      <button
        className="sc-jrcTuL drZSHS"
        onClick={[Function]}
      >
        Show More
      </button>
    </div>
  </div>
</div>
`;
