// Jest Snapshot v1, https://goo.gl/fbAQLP

exports[`UserTile component should renders 1`] = `
<div
  className="sc-bcXHqe kdCfmY"
>
  <div
    className="sc-gswNZR ievbtS"
  >
    <img
      alt=""
      src="https://randomuser.me/api/portraits/med/women/44.jpg"
    />
    Isabelle
     
    Davies
  </div>
  <div
    className="sc-eDvSVe hzsoTC"
  />
</div>
`;
