// Jest Snapshot v1, https://goo.gl/fbAQLP

exports[`App component should renders 1`] = `
<div
  className="sc-bcXHqe hICBOO"
>
  <div
    className="sc-hLBbgP cggtmG"
  />
  <div
    className="sc-ipEyDJ gHALup"
  >
    <div
      className="sc-jSUZER kjWGah"
    >
      <div
        className="sc-eDWCr ckUNIy"
      >
        <ul
          className="sc-iBYQkv cEbell"
        >
          <h3>
            Contacts
          </h3>
          <li
            className="sc-ftTHYK fxibMA"
          />
          <li
            className="sc-ftTHYK fxibMA"
          />
          <li
            className="sc-ftTHYK fxibMA"
          />
        </ul>
      </div>
    </div>
    <div
      className="sc-csuSiG dTLbut"
    />
    <div />
  </div>
</div>
`;
